============================= test session starts ==============================
platform linux -- Python 3.9.21, pytest-8.3.4, pluggy-1.5.0 -- /usr/local/bin/python3.9
cachedir: .pytest_cache
rootdir: /app
collecting ... collected 2 items

test_redis_cluster.py::test_sample_key PASSED                            [ 50%]
test_redis_cluster.py::test_key_deleted PASSED                           [100%]

============================== 2 passed in 0.08s ===============================
